---
source: crates/di-macros/src/tests.rs
expression: format_tokens(output)
---
impl ::studiole_di::FromServices for Handler {
    type Error = ::studiole_di::ResolveError;
    fn from_services(
        services: &::studiole_di::ServiceProvider,
    ) -> ::std::result::Result<
        Self,
        ::studiole_report::prelude::Report<::studiole_di::ResolveError>,
    > {
        Ok(Self {
            config: services.get()?,
            cache: services.get_trait::<dyn Get>()?,
            retries: Default::default(),
        })
    }
}
