---
source: crates/di-macros/src/tests.rs
expression: format_tokens(output)
---
impl ::studiole_di::FromProviderAsync for AsyncHandler {
    async fn from_provider_async(
        services: &::studiole_di::ServiceProvider,
    ) -> ::std::result::Result<
        Self,
        ::studiole_report::prelude::Report<::studiole_di::ResolveError>,
    > {
        Ok(Self {
            config: services.get_async().await?,
            db: services.get_async().await?,
        })
    }
}
